--------- beginning of /dev/log/main
I/dun_service(  101): The value returned from dun_getusbmodemstate_fromsys is 1 
I/dun_service(  101): Post event 1
I/dun_service(  101): received event: DUN_EVENT_USB_UNPLUG 
I/dun_service(  101): received event(DUN_EVENT_USB_UNPLUG) in state(DUN_STATE_USB_UNPLUG)
I/dun_service(  101): Ignoring the event DUN_EVENT_USB_UNPLUG in USB_UNPLUG_STATE
I/dun_service(  101): Moved to state(DUN_STATE_USB_UNPLUG)
--------- beginning of /dev/log/system
I/ActivityManager(  146): Starting: Intent { act=android.intent.action.MAIN cat=[android.intent.category.LAUNCHER] flg=0x10200000 cmp=org.thoughtcrime.securesms/.RoutingActivity bnds=[3,316][77,395] } from pid 248
I/ActivityManager(  146): Starting: Intent { cmp=org.thoughtcrime.securesms/.PassphrasePromptActivity } from pid 758
W/KeyCachingService(  758): Incrementing activity count...
I/WindowManager(  146): Setting rotation to 1, animFlags=0
I/ActivityManager(  146): Config changed: { scale=1.0 imsi=311/490 loc=en_US touch=3 keys=2/1/2 nav=2/1 orien=2 layout=18 uiMode=17 seq=7}
D/PhoneApp(  235): updateProximitySensorMode: state = IDLE
D/PhoneApp(  235): updateProximitySensorMode: lock already released.
I/ActivityManager(  146): Displayed org.thoughtcrime.securesms/.RoutingActivity: +156ms
W/KeyCharacterMap(  758): No keyboard for id -1
W/KeyCharacterMap(  758): Using default keymap: /system/usr/keychars/qwerty.kcm.bin
W/InputManagerService(  146): Starting input on non-focused client com.android.internal.view.IInputMethodClient$Stub$Proxy@4063cef0 (uid=10008 pid=758)
W/InputManagerService(  146): Client not active, ignoring focus gain of: com.android.internal.view.IInputMethodClient$Stub$Proxy@406f93e8
W/KeyCachingService(  758): Decrementing activity count...
I/ActivityManager(  146): Displayed org.thoughtcrime.securesms/.PassphrasePromptActivity: +160ms
W/IInputConnectionWrapper(  248): showStatusIcon on inactive InputConnection
I/dun_service(  101): The value returned from dun_getusbmodemstate_fromsys is 1 
I/dun_service(  101): Post event 1
I/dun_service(  101): received event: DUN_EVENT_USB_UNPLUG 
I/dun_service(  101): received event(DUN_EVENT_USB_UNPLUG) in state(DUN_STATE_USB_UNPLUG)
I/dun_service(  101): Ignoring the event DUN_EVENT_USB_UNPLUG in USB_UNPLUG_STATE
I/dun_service(  101): Moved to state(DUN_STATE_USB_UNPLUG)
V/DATA    (  235): [DCT] onDataCallListChanged:
V/DATA    (  235): [DCT] ---dc state list---
V/DATA    (  235): [DCT] DataCallState: { cid: 0, active: 2, type: IP, apn: , address: 21.94.191.46 }
V/DATA    (  235): [DCT] ---dc list---
V/DATA    (  235): [DCT] cid = 0, state = DcActiveState, ipv = IPV4, ipaddress = 21.94.191.46, gw=21.94.191.45, dns=[66.1.65.7, 68.29.81.7]
I/dun_service(  101): The value returned from dun_getusbmodemstate_fromsys is 1 
I/dun_service(  101): Post event 1
I/dun_service(  101): received event: DUN_EVENT_USB_UNPLUG 
I/dun_service(  101): received event(DUN_EVENT_USB_UNPLUG) in state(DUN_STATE_USB_UNPLUG)
I/dun_service(  101): Ignoring the event DUN_EVENT_USB_UNPLUG in USB_UNPLUG_STATE
I/dun_service(  101): Moved to state(DUN_STATE_USB_UNPLUG)
V/DATA    (  235): [DCT] onDataCallListChanged:
V/DATA    (  235): [DCT] ---dc state list---
V/DATA    (  235): [DCT] DataCallState: { cid: 0, active: 1, type: IP, apn: , address: 21.94.191.46 }
V/DATA    (  235): [DCT] ---dc list---
V/DATA    (  235): [DCT] cid = 0, state = DcActiveState, ipv = IPV4, ipaddress = 21.94.191.46, gw=21.94.191.45, dns=[66.1.65.7, 68.29.81.7]
I/dun_service(  101): The value returned from dun_getusbmodemstate_fromsys is 1 
I/dun_service(  101): Post event 1
I/dun_service(  101): received event: DUN_EVENT_USB_UNPLUG 
I/dun_service(  101): received event(DUN_EVENT_USB_UNPLUG) in state(DUN_STATE_USB_UNPLUG)
I/dun_service(  101): Ignoring the event DUN_EVENT_USB_UNPLUG in USB_UNPLUG_STATE
I/dun_service(  101): Moved to state(DUN_STATE_USB_UNPLUG)
I/dun_service(  101): The value returned from dun_getusbmodemstate_fromsys is 1 
I/dun_service(  101): Post event 1
I/dun_service(  101): received event: DUN_EVENT_USB_UNPLUG 
I/dun_service(  101): received event(DUN_EVENT_USB_UNPLUG) in state(DUN_STATE_USB_UNPLUG)
I/dun_service(  101): Ignoring the event DUN_EVENT_USB_UNPLUG in USB_UNPLUG_STATE
I/dun_service(  101): Moved to state(DUN_STATE_USB_UNPLUG)
I/dun_service(  101): The value returned from dun_getusbmodemstate_fromsys is 1 
I/dun_service(  101): Post event 1
I/dun_service(  101): received event: DUN_EVENT_USB_UNPLUG 
I/dun_service(  101): received event(DUN_EVENT_USB_UNPLUG) in state(DUN_STATE_USB_UNPLUG)
I/dun_service(  101): Ignoring the event DUN_EVENT_USB_UNPLUG in USB_UNPLUG_STATE
I/dun_service(  101): Moved to state(DUN_STATE_USB_UNPLUG)
W/service (  758): Broadcasting new secret...
W/KeyCachingService(  758): Starting timeout: 10800000
W/DecryptingQueue(  758): Processing pending decrypts...
W/MmsSmsDatabase(  758): Executing query: SELECT _id, body, read, type, address, subject, thread_id, normalized_date_sent AS date_sent, normalized_date_received AS date_received, m_type, msg_box, transport_type FROM (SELECT DISTINCT date_sent * 1 AS normalized_date_sent, date * 1 AS normalized_date_received, _id, body, read, thread_id, type, address, subject, date, NULL AS m_type, NULL AS msg_box, status, 'sms' AS transport_type FROM sms WHERE (read = 0) UNION ALL SELECT DISTINCT date * 1000 AS normalized_date_sent, date_received * 1000 AS normalized_date_received, _id, NULL AS body, read, thread_id, NULL AS type, NULL AS address, NULL AS subject, date, m_type, msg_box, NULL AS status, 'mms' AS transport_type FROM mms WHERE (read = 0) ORDER BY normalized_date_received ASC)
W/SendReceiveService(  758): Got a MasterSecret broadcast...
W/PartProvider(  758): Got master secret: org.thoughtcrime.securesms.crypto.MasterSecret@40682848
W/SendReceiveService(  758): Got a MasterSecret broadcast...
W/SendReceiveService(  758): SendReceive service got master secret.
W/KeyCachingService(  758): Incrementing activity count...
I/ActivityManager(  146): Starting: Intent { cmp=org.thoughtcrime.securesms/.ConversationListActivity (has extras) } from pid 758
W/KeyCachingService(  758): Decrementing activity count...
W/KeyCachingService(  758): Starting timeout: 10800000
W/KeyCharacterMap(  758): No keyboard for id -1
W/KeyCharacterMap(  758): Using default keymap: /system/usr/keychars/qwerty.kcm.bin
W/SMSSenderService(  758): Processing outgoing message: -1
W/KeyCachingService(  758): Incrementing activity count...
W/RecipientProvider(  758): Cache miss [ASYNC]!
W/RecipientProvider(  758): Cache miss [ASYNC]!
W/RecipientProvider(  758): Cache miss [ASYNC]!
W/RecipientProvider(  758): Cache miss [ASYNC]!
W/RecipientProvider(  758): Cache miss [ASYNC]!
I/ActivityManager(  146): Displayed org.thoughtcrime.securesms/.ConversationListActivity: +404ms
I/dun_service(  101): The value returned from dun_getusbmodemstate_fromsys is 1 
I/dun_service(  101): Post event 1
I/dun_service(  101): received event: DUN_EVENT_USB_UNPLUG 
I/dun_service(  101): received event(DUN_EVENT_USB_UNPLUG) in state(DUN_STATE_USB_UNPLUG)
I/dun_service(  101): Ignoring the event DUN_EVENT_USB_UNPLUG in USB_UNPLUG_STATE
I/dun_service(  101): Moved to state(DUN_STATE_USB_UNPLUG)
E/KeyLayoutMap(  146): mapKeypadKeyScancode - scancode=102
I/WindowManager(  146): home key test1= 1
D/WindowManager(  146): Home Key Test : false : false
E/KeyLayoutMap(  146): mapKeypadKeyScancode - scancode=102
D/WindowManager(  146): Home Key Test : false : false
I/ActivityManager(  146): Starting: Intent { act=android.intent.action.MAIN cat=[android.intent.category.HOME] flg=0x10200000 cmp=com.android.launcher/com.android.launcher2.Launcher } from pid 146
I/WindowManager(  146): Setting rotation to 0, animFlags=1
I/ActivityManager(  146): Config changed: { scale=1.0 imsi=311/490 loc=en_US touch=3 keys=2/1/2 nav=2/1 orien=1 layout=18 uiMode=17 seq=8}
D/PhoneApp(  235): updateProximitySensorMode: state = IDLE
D/PhoneApp(  235): updateProximitySensorMode: lock already released.
W/KeyCachingService(  758): Decrementing activity count...
W/KeyCachingService(  758): Starting timeout: 10800000
W/IInputConnectionWrapper(  758): showStatusIcon on inactive InputConnection
E/GridView(  248): Grid View Has Focus
W/BackupManagerService(  146): dataChanged but no participant pkg='com.android.providers.settings' uid=10037
I/ActivityManager(  146): Starting: Intent { act=android.intent.action.MAIN cat=[android.intent.category.LAUNCHER] flg=0x10200000 cmp=com.poc.dumplog/.MainActivity } from pid 248
